==> LogWrite : Opening logfile
 
========================================================================
 
 
OOOOOOOOOOOOOOOOOOOOOOOOOOOOOOOOOOOOOOOOOOOOOO
O                                            O
O     @@@@  @  @  @@@@  @   @    @  @@@b     O
O     @     @  @  @     @@ @@   @@  @  @     O
O     @     @@@@  @@@@  @ @ @    @  @  @     O
O     @     @  @  @     @   @    @  @  @     O
O     @@@@  @  @  @@@@  @   @    @  @@@P     O
O                                            O
O     A ONE DIMENSIONAL FLAME CODE           O
O                                            O
O     Version:                               O
O     Release: 2012-06-01 08:38:57 +0200     O
O                                            O
OOOOOOOOOOOOOOOOOOOOOOOOOOOOOOOOOOOOOOOOOOOOOO
 
 
 
* Developed at the Eindhoven University of Technology
 
* http://www.combustion.tue.nl
 
========================================================================
 
Reading CHEM1D input files
    => Start reading chemistry 
    ==> CheckTroeData : Started
    ==> CheckTroeData : Finished
    => Finished reading chemistry
    => Thermodynamical Data   [OK]
    ElementName        Mass
    1  O                 1.5999400E+01
    2  H                 1.0079700E+00
    3  C                 1.2011200E+01
    4  N                 1.4006700E+01
    5  AR                3.9948000E+01

    SpeciesName        Mass
    1  H2                2.0159400E+00
    2  H                 1.0079700E+00
    3  O                 1.5999400E+01
    4  O2                3.1998800E+01
    5  OH                1.7007370E+01
    6  H2O               1.8015340E+01
    7  HO2               3.3006770E+01
    8  CH2               1.4027140E+01
    9  CH2(S)            1.4027140E+01
   10  CH3               1.5035110E+01
   11  CH4               1.6043080E+01
   12  CO                2.8010600E+01
   13  CO2               4.4010000E+01
   14  HCO               2.9018570E+01
   15  CH2O              3.0026540E+01
   16  CH3O              3.1034510E+01
   17  C2H4              2.8054280E+01
   18  C2H5              2.9062250E+01
   19  C2H6              3.0070220E+01
   20  N                 1.4006700E+01
   21  NO                3.0006100E+01
   22  N2                2.8013400E+01
   23  AR                3.9948000E+01

    => Reactions + rate coefficients 

       (1) O + H + M = OH + M
             A =  5.000E+17  beta = -1.000E+00  Ea/R =  0.000E+00   K
      Enhanced by:
      H2          2.00
      H2O         6.00
      CH4         2.00
      CO          1.50
      CO2         2.00
      C2H6        3.00
      AR          0.70

       (2) O + H2 = H + OH
             A =  5.000E+04  beta =  2.670E+00  Ea/R =  3.167E+03   K

       (3) O + HO2 = OH + O2
             A =  2.000E+13  beta =  0.000E+00  Ea/R =  0.000E+00   K

       (4) O + CH2 = H + HCO
             A =  8.000E+13  beta =  0.000E+00  Ea/R =  0.000E+00   K

       (5) O + CH2(S) = H + HCO
             A =  1.500E+13  beta =  0.000E+00  Ea/R =  0.000E+00   K

       (6) O + CH3 = H + CH2O
             A =  8.430E+13  beta =  0.000E+00  Ea/R =  0.000E+00   K

       (7) O + CH4 = OH + CH3
             A =  1.020E+09  beta =  1.500E+00  Ea/R =  4.331E+03   K

       (8) O + CO + M = CO2 + M
             A =  6.020E+14  beta =  0.000E+00  Ea/R =  1.511E+03   K
      Enhanced by:
      H2          2.00
      O2          6.00
      H2O         6.00
      CH4         2.00
      CO          1.50
      CO2         3.50
      C2H6        3.00
      AR          0.50

       (9) O + HCO = OH + CO
             A =  3.000E+13  beta =  0.000E+00  Ea/R =  0.000E+00   K

       (10) O + HCO = H + CO2
             A =  3.000E+13  beta =  0.000E+00  Ea/R =  0.000E+00   K

       (11) O + CH2O = OH + HCO
             A =  3.900E+13  beta =  0.000E+00  Ea/R =  1.783E+03   K

       (12) O + C2H4 = CH3 + HCO
             A =  1.920E+07  beta =  1.830E+00  Ea/R =  1.108E+02   K

       (13) O + C2H5 = CH3 + CH2O
             A =  1.320E+14  beta =  0.000E+00  Ea/R =  0.000E+00   K

       (14) O + C2H6 = OH + C2H5
             A =  8.980E+07  beta =  1.920E+00  Ea/R =  2.865E+03   K

       (15) O2 + CO = O + CO2
             A =  2.500E+12  beta =  0.000E+00  Ea/R =  2.407E+04   K

       (16) O2 + CH2O = HO2 + HCO
             A =  1.000E+14  beta =  0.000E+00  Ea/R =  2.014E+04   K

       (17) H + O2 + M = HO2 + M
             A =  2.800E+18  beta = -8.600E-01  Ea/R =  0.000E+00   K
      Enhanced by:
      O2          0.00
      H2O         0.00
      CO          0.75
      CO2         1.50
      C2H6        1.50
      N2          0.00
      AR          0.00

       (18) H + O2 + O2 = HO2 + O2
             A =  3.000E+20  beta = -1.720E+00  Ea/R =  0.000E+00   K

       (19) H + O2 + H2O = HO2 + H2O
             A =  9.380E+18  beta = -7.600E-01  Ea/R =  0.000E+00   K

       (20) H + O2 + N2 = HO2 + N2
             A =  3.750E+20  beta = -1.720E+00  Ea/R =  0.000E+00   K

       (21) H + O2 + AR = HO2 + AR
             A =  7.000E+17  beta = -8.000E-01  Ea/R =  0.000E+00   K

       (22) H + O2 = O + OH
             A =  8.300E+13  beta =  0.000E+00  Ea/R =  7.258E+03   K

       (23) H + H + M = H2 + M
             A =  1.000E+18  beta = -1.000E+00  Ea/R =  0.000E+00   K
      Enhanced by:
      H2          0.00
      H2O         0.00
      CH4         2.00
      CO2         0.00
      C2H6        3.00
      AR          0.63

       (24) H + H + H2 = H2 + H2
             A =  9.000E+16  beta = -6.000E-01  Ea/R =  0.000E+00   K

       (25) H + H + H2O = H2 + H2O
             A =  6.000E+19  beta = -1.250E+00  Ea/R =  0.000E+00   K

       (26) H + H + CO2 = H2 + CO2
             A =  5.500E+20  beta = -2.000E+00  Ea/R =  0.000E+00   K

       (27) H + OH + M = H2O + M
             A =  2.200E+22  beta = -2.000E+00  Ea/R =  0.000E+00   K
      Enhanced by:
      H2          0.73
      H2O         3.65
      CH4         2.00
      C2H6        3.00
      AR          0.38

       (28) H + HO2 = O2 + H2
             A =  2.800E+13  beta =  0.000E+00  Ea/R =  5.378E+02   K

       (29) H + HO2 = OH + OH
             A =  1.340E+14  beta =  0.000E+00  Ea/R =  3.198E+02   K

       (30) H + CH2 + M = CH3 + M
             A =  2.500E+16  beta = -8.000E-01  Ea/R =  0.000E+00   K
      LOW pressure limit: 
      A =  3.200E+27  beta = -3.140E+00  Ea/R =  6.194E+02   K
      TROE centering:
          a = 0.680E+00
       T*** = 0.780E+02 K
         T* = 0.200E+04 K
        T** = 0.559E+04 K
      Enhanced by:
      H2          2.00
      H2O         6.00
      CH4         2.00
      CO          1.50
      CO2         2.00
      C2H6        3.00
      AR          0.70

       (31) H + CH3 + M = CH4 + M
             A =  1.270E+16  beta = -6.300E-01  Ea/R =  1.929E+02   K
      LOW pressure limit: 
      A =  2.477E+33  beta = -4.760E+00  Ea/R =  1.229E+03   K
      TROE centering:
          a = 0.783E+00
       T*** = 0.740E+02 K
         T* = 0.294E+04 K
        T** = 0.696E+04 K
      Enhanced by:
      H2          2.00
      H2O         6.00
      CH4         2.00
      CO          1.50
      CO2         2.00
      C2H6        3.00
      AR          0.70

       (32) H + CH4 = CH3 + H2
             A =  6.600E+08  beta =  1.620E+00  Ea/R =  5.459E+03   K

       (33) H + HCO + M = CH2O + M
             A =  1.090E+12  beta =  4.800E-01  Ea/R = -1.309E+02   K
      LOW pressure limit: 
      A =  1.350E+24  beta = -2.570E+00  Ea/R =  7.176E+02   K
      TROE centering:
          a = 0.782E+00
       T*** = 0.271E+03 K
         T* = 0.276E+04 K
        T** = 0.657E+04 K
      Enhanced by:
      H2          2.00
      H2O         6.00
      CH4         2.00
      CO          1.50
      CO2         2.00
      C2H6        3.00
      AR          0.70

       (34) H + HCO = H2 + CO
             A =  7.340E+13  beta =  0.000E+00  Ea/R =  0.000E+00   K

       (35) H + CH2O + M = CH3O + M
             A =  5.400E+11  beta =  4.540E-01  Ea/R =  1.309E+03   K
      LOW pressure limit: 
      A =  2.200E+30  beta = -4.800E+00  Ea/R =  2.800E+03   K
      TROE centering:
          a = 0.758E+00
       T*** = 0.940E+02 K
         T* = 0.156E+04 K
        T** = 0.420E+04 K
      Enhanced by:
      H2          2.00
      H2O         6.00
      CH4         2.00
      CO          1.50
      CO2         2.00
      C2H6        3.00

       (36) H + CH2O = HCO + H2
             A =  2.300E+10  beta =  1.050E+00  Ea/R =  1.649E+03   K

       (37) H + CH3O = OH + CH3
             A =  3.200E+13  beta =  0.000E+00  Ea/R =  0.000E+00   K

       (38) H + C2H4 + M = C2H5 + M
             A =  1.080E+12  beta =  4.540E-01  Ea/R =  9.165E+02   K
      LOW pressure limit: 
      A =  1.200E+42  beta = -7.620E+00  Ea/R =  3.510E+03   K
      TROE centering:
          a = 0.975E+00
       T*** = 0.210E+03 K
         T* = 0.984E+03 K
        T** = 0.437E+04 K
      Enhanced by:
      H2          2.00
      H2O         6.00
      CH4         2.00
      CO          1.50
      CO2         2.00
      C2H6        3.00
      AR          0.70

       (39) H + C2H5 + M = C2H6 + M
             A =  5.210E+17  beta = -9.900E-01  Ea/R =  7.956E+02   K
      LOW pressure limit: 
      A =  1.990E+41  beta = -7.080E+00  Ea/R =  3.366E+03   K
      TROE centering:
          a = 0.842E+00
       T*** = 0.125E+03 K
         T* = 0.222E+04 K
        T** = 0.688E+04 K
      Enhanced by:
      H2          2.00
      H2O         6.00
      CH4         2.00
      CO          1.50
      CO2         2.00
      C2H6        3.00
      AR          0.70

       (40) H + C2H6 = C2H5 + H2
             A =  1.150E+08  beta =  1.900E+00  Ea/R =  3.792E+03   K

       (41) H2 + CO + M = CH2O + M
             A =  4.300E+07  beta =  1.500E+00  Ea/R =  4.008E+04   K
      LOW pressure limit: 
      A =  5.070E+27  beta = -3.420E+00  Ea/R =  4.248E+04   K
      TROE centering:
          a = 0.932E+00
       T*** = 0.197E+03 K
         T* = 0.154E+04 K
        T** = 0.103E+05 K
      Enhanced by:
      H2          2.00
      H2O         6.00
      CH4         2.00
      CO          1.50
      CO2         2.00
      C2H6        3.00
      AR          0.70

       (42) OH + H2 = H + H2O
             A =  2.160E+08  beta =  1.510E+00  Ea/R =  1.727E+03   K

       (43) OH + OH = O + H2O
             A =  3.570E+04  beta =  2.400E+00  Ea/R = -1.063E+03   K

       (44) OH + HO2 = O2 + H2O
             A =  2.900E+13  beta =  0.000E+00  Ea/R = -2.518E+02   K

       (45) OH + CH2 = H + CH2O
             A =  2.000E+13  beta =  0.000E+00  Ea/R =  0.000E+00   K

       (46) OH + CH2(S) = H + CH2O
             A =  3.000E+13  beta =  0.000E+00  Ea/R =  0.000E+00   K

       (47) OH + CH3 = CH2 + H2O
             A =  5.600E+07  beta =  1.600E+00  Ea/R =  2.729E+03   K

       (48) OH + CH3 = CH2(S) + H2O
             A =  2.501E+13  beta =  0.000E+00  Ea/R =  0.000E+00   K

       (49) OH + CH4 = CH3 + H2O
             A =  1.000E+08  beta =  1.600E+00  Ea/R =  1.571E+03   K

       (50) OH + CO = H + CO2
             A =  4.760E+07  beta =  1.228E+00  Ea/R =  3.525E+01   K

       (51) OH + HCO = H2O + CO
             A =  5.000E+13  beta =  0.000E+00  Ea/R =  0.000E+00   K

       (52) OH + CH2O = HCO + H2O
             A =  3.430E+09  beta =  1.180E+00  Ea/R = -2.251E+02   K

       (53) OH + C2H6 = C2H5 + H2O
             A =  3.540E+06  beta =  2.120E+00  Ea/R =  4.381E+02   K

       (54) HO2 + CH2 = OH + CH2O
             A =  2.000E+13  beta =  0.000E+00  Ea/R =  0.000E+00   K

       (55) HO2 + CH3 = O2 + CH4
             A =  1.000E+12  beta =  0.000E+00  Ea/R =  0.000E+00   K

       (56) HO2 + CH3 = OH + CH3O
             A =  2.000E+13  beta =  0.000E+00  Ea/R =  0.000E+00   K

       (57) HO2 + CO = OH + CO2
             A =  1.500E+14  beta =  0.000E+00  Ea/R =  1.188E+04   K

       (58) CH2 + O2 = OH + HCO
             A =  1.320E+13  beta =  0.000E+00  Ea/R =  7.553E+02   K

       (59) CH2 + H2 = H + CH3
             A =  5.000E+05  beta =  2.000E+00  Ea/R =  3.641E+03   K

       (60) CH2 + CH3 = H + C2H4
             A =  4.000E+13  beta =  0.000E+00  Ea/R =  0.000E+00   K

       (61) CH2 + CH4 = CH3 + CH3
             A =  2.460E+06  beta =  2.000E+00  Ea/R =  4.164E+03   K

       (62) CH2(S) + N2 = CH2 + N2
             A =  1.500E+13  beta =  0.000E+00  Ea/R =  3.021E+02   K

       (63) CH2(S) + AR = CH2 + AR
             A =  9.000E+12  beta =  0.000E+00  Ea/R =  3.021E+02   K

       (64) CH2(S) + O2 = H + OH + CO
             A =  2.800E+13  beta =  0.000E+00  Ea/R =  0.000E+00   K

       (65) CH2(S) + O2 = CO + H2O
             A =  1.200E+13  beta =  0.000E+00  Ea/R =  0.000E+00   K

       (66) CH2(S) + H2 = CH3 + H
             A =  7.000E+13  beta =  0.000E+00  Ea/R =  0.000E+00   K

       (67) CH2(S) + H2O = CH2 + H2O
             A =  3.000E+13  beta =  0.000E+00  Ea/R =  0.000E+00   K

       (68) CH2(S) + CH3 = H + C2H4
             A =  1.200E+13  beta =  0.000E+00  Ea/R = -2.870E+02   K

       (69) CH2(S) + CH4 = CH3 + CH3
             A =  1.600E+13  beta =  0.000E+00  Ea/R = -2.870E+02   K

       (70) CH2(S) + CO = CH2 + CO
             A =  9.000E+12  beta =  0.000E+00  Ea/R =  0.000E+00   K

       (71) CH2(S) + CO2 = CH2 + CO2
             A =  7.000E+12  beta =  0.000E+00  Ea/R =  0.000E+00   K

       (72) CH2(S) + CO2 = CO + CH2O
             A =  1.400E+13  beta =  0.000E+00  Ea/R =  0.000E+00   K

       (73) CH3 + O2 = O + CH3O
             A =  2.675E+13  beta =  0.000E+00  Ea/R =  1.450E+04   K

       (74) CH3 + O2 = OH + CH2O
             A =  3.600E+10  beta =  0.000E+00  Ea/R =  4.502E+03   K

       (75) CH3 + CH3 + M = C2H6 + M
             A =  2.120E+16  beta = -9.700E-01  Ea/R =  3.122E+02   K
      LOW pressure limit: 
      A =  1.770E+50  beta = -9.670E+00  Ea/R =  3.132E+03   K
      TROE centering:
          a = 0.532E+00
       T*** = 0.151E+03 K
         T* = 0.104E+04 K
        T** = 0.497E+04 K
      Enhanced by:
      H2          2.00
      H2O         6.00
      CH4         2.00
      CO          1.50
      CO2         2.00
      C2H6        3.00
      AR          0.70

       (76) CH3 + CH3 = H + C2H5
             A =  4.990E+12  beta =  1.000E-01  Ea/R =  5.338E+03   K

       (77) CH3 + HCO = CH4 + CO
             A =  2.648E+13  beta =  0.000E+00  Ea/R =  0.000E+00   K

       (78) CH3 + CH2O = HCO + CH4
             A =  3.320E+03  beta =  2.810E+00  Ea/R =  2.951E+03   K

       (79) CH3 + C2H6 = C2H5 + CH4
             A =  6.140E+06  beta =  1.740E+00  Ea/R =  5.262E+03   K

       (80) HCO + H2O = H + CO + H2O
             A =  2.244E+18  beta = -1.000E+00  Ea/R =  8.561E+03   K

       (81) HCO + M = H + CO + M
             A =  1.870E+17  beta = -1.000E+00  Ea/R =  8.561E+03   K
      Enhanced by:
      H2          2.00
      H2O         0.00
      CH4         2.00
      CO          1.50
      CO2         2.00
      C2H6        3.00

       (82) HCO + O2 = HO2 + CO
             A =  7.600E+12  beta =  0.000E+00  Ea/R =  2.014E+02   K

       (83) CH3O + O2 = HO2 + CH2O
             A =  4.280E-13  beta =  7.600E+00  Ea/R = -1.778E+03   K

       (84) C2H5 + O2 = HO2 + C2H4
             A =  8.400E+11  beta =  0.000E+00  Ea/R =  1.951E+03   K

       (85) N + NO = N2 + O
             A =  2.700E+13  beta =  0.000E+00  Ea/R =  1.788E+02   K

       (86) N + O2 = NO + O
             A =  9.000E+09  beta =  1.000E+00  Ea/R =  3.273E+03   K

       (87) N + OH = NO + H
             A =  3.360E+13  beta =  0.000E+00  Ea/R =  1.939E+02   K

    => Defaultsfile           [OK]
    => Settingsfile           [OK]
    => Commandline options    [OK]
    => Start reading .chm file
        [MSG] Transport parameters    [OK]
        [MSG] Conductivity parameters [OK]
        [MSG] Viscosity parameters    [OK]
        [MSG] Difusivity parameters   [OK]
        [MSG] Thermal parameters      [OK]
    => Reading .chm file      [OK]
    => CHEM1D datafile        [OK]
    => Setting grid weights :
        DENSITY            1.00000
        TEMP               1.00000
        CH4                1.00000
        HEATREL            1.00000
 
 
------------------------------------------------------------------------
 
Simulation settings:
    => Adiabatic flame
    => Stationary solution
    => Detailed chemistry model
    => Mixture averaged diffusion model
    => No radiation model
    => No model for heat exchanger
 
------------------------------------------------------------------------
 
Variables:
       Name              BC_Left      BC_Right     Unit
  1) * H2                0.00000E+00  0.00000E+00  Mass frac.
  2) * H                 0.00000E+00  0.00000E+00  Mass frac.
  3) * O                 0.00000E+00  0.00000E+00  Mass frac.
  4) * O2                2.20068E-01  2.20068E-01  Mass frac.
  5) * OH                0.00000E+00  0.00000E+00  Mass frac.
  6) * H2O               0.00000E+00  0.00000E+00  Mass frac.
  7) * HO2               0.00000E+00  0.00000E+00  Mass frac.
  8) * CH2               0.00000E+00  0.00000E+00  Mass frac.
  9) * CH2(S)            0.00000E+00  0.00000E+00  Mass frac.
 10) * CH3               0.00000E+00  0.00000E+00  Mass frac.
 11) * CH4               5.51672E-02  5.51672E-02  Mass frac.
 12) * CO                0.00000E+00  0.00000E+00  Mass frac.
 13) * CO2               0.00000E+00  0.00000E+00  Mass frac.
 14) * HCO               0.00000E+00  0.00000E+00  Mass frac.
 15) * CH2O              0.00000E+00  0.00000E+00  Mass frac.
 16) * CH3O              0.00000E+00  0.00000E+00  Mass frac.
 17) * C2H4              0.00000E+00  0.00000E+00  Mass frac.
 18) * C2H5              0.00000E+00  0.00000E+00  Mass frac.
 19) * C2H6              0.00000E+00  0.00000E+00  Mass frac.
 20) * N                 0.00000E+00  0.00000E+00  Mass frac.
 21) * NO                0.00000E+00  0.00000E+00  Mass frac.
 22) * N2                7.24765E-01  7.24765E-01  Mass frac.
 23) * AR                0.00000E+00  0.00000E+00  Mass frac.
 24) * Temp              3.00000E+02  3.00000E+02  K
 25) * Massflow          1.34702E-02  1.34702E-02  gr/(cm2 s)
 26) * Enthalpy         -2.54496E+02 -2.54496E+02  J/gr
 27) * MixFrac           5.51672E-02  5.51672E-02  -
 28)   Press             1.01325E+05  1.01325E+05  Pa
 29)   Density           1.12252E-03  1.12252E-03  gr/cm3
 30)   MeanMass          2.76334E+01  2.76334E+01  gr/mol
 31)   Surface           0.00000E+00  0.00000E+00  cm2
 32)   Stretch           0.00000E+00  0.00000E+00  1/s
 33)   Porosity          0.00000E+00  0.00000E+00  -
 34)   Tsolid            0.00000E+00  0.00000E+00  K
 35)   HeatRel           0.00000E+00  0.00000E+00  J/(cm3 s)
 
------------------------------------------------------------------------
 
       0 --- --------- --------- Start solver
       1 --- --------- --------- Regridding
       1 --- --------- --------- Jacobian 00001
       1   6 5.374E-05 3.125E-02 Steady OK
       2   4 5.987E-05 3.906E-03 Steady Fail
       3 --- --------- --------- Regridding
       3 --- --------- --------- Jacobian 00002
       3   8 1.073E-03 3.906E-03 Steady Fail
       4 --- --------- --------- Regridding
       4 --- --------- --------- Jacobian 00003
       4 --- --------- --------- Timestep 1.000E-06
       4   1 1.231E-06 1.000E-06 Time OK
       5   1 9.812E-06 2.000E-06 Time OK
       6   6 8.734E-08 3.000E-06 Time OK
       7   6 3.719E-08 4.000E-06 Time OK
       8   6 1.669E-08 5.000E-06 Time OK
       9   6 9.707E-09 6.000E-06 Time OK
      10   6 7.244E-09 7.000E-06 Time OK
      11   6 6.013E-09 8.000E-06 Time OK
      12   6 5.186E-09 9.000E-06 Time OK
      13   6 4.560E-09 1.000E-05 Time OK
      14   6 4.065E-09 1.100E-05 Time OK
      15   6 3.665E-09 1.200E-05 Time OK
      16   6 3.334E-09 1.300E-05 Time OK
      17   7 1.415E-09 1.400E-05 Time OK
      18   7 1.295E-09 1.500E-05 Time OK
      19   7 1.200E-09 1.600E-05 Time OK
      20   7 1.120E-09 1.700E-05 Time OK
      21   7 1.051E-09 1.800E-05 Time OK
      22   7 9.890E-10 1.900E-05 Time OK
      23   7 9.338E-10 2.000E-05 Time OK
      24   7 8.842E-10 2.100E-05 Time OK
      25   7 8.394E-10 2.200E-05 Time OK
      26 --- --------- --------- Regridding
      26 --- --------- --------- Jacobian 00004
      26   8 1.131E-04 3.906E-03 Steady Fail
      27 --- --------- --------- Regridding
      27 --- --------- --------- Jacobian 00005
      27 --- --------- --------- Timestep 1.000E-06
      27   1 1.045E-07 2.300E-05 Time OK
      28   1 1.120E-07 2.400E-05 Time OK
      29   1 1.206E-07 2.500E-05 Time OK
      30   2 3.305E-10 2.600E-05 Time OK
      31   2 1.774E-10 2.700E-05 Time OK
      32   2 1.212E-10 2.800E-05 Time OK
      33   2 9.751E-11 2.900E-05 Time OK
      34   2 8.231E-11 3.000E-05 Time OK
      35   2 7.043E-11 3.100E-05 Time OK
      36   2 6.102E-11 3.200E-05 Time OK
      37   2 5.365E-11 3.300E-05 Time OK
      38   2 4.784E-11 3.400E-05 Time OK
      39   2 4.315E-11 3.500E-05 Time OK
      40   2 3.926E-11 3.600E-05 Time OK
      41   2 3.593E-11 3.700E-05 Time OK
      42   2 3.302E-11 3.800E-05 Time OK
      43   2 3.044E-11 3.900E-05 Time OK
      44   2 2.812E-11 4.000E-05 Time OK
      45   2 2.602E-11 4.100E-05 Time OK
      46   2 2.410E-11 4.200E-05 Time OK
      47   2 2.235E-11 4.300E-05 Time OK
      48   2 2.074E-11 4.400E-05 Time OK
      49 --- --------- --------- Regridding
      49 --- --------- --------- Jacobian 00006
      49   8 1.178E-04 7.813E-03 Steady OK
      50   2 4.377E-04 3.906E-03 Steady Fail
      51 --- --------- --------- Regridding
      51 --- --------- --------- Jacobian 00007
      51   8 1.874E-04 3.906E-03 Steady Fail
      52 --- --------- --------- Regridding
      52 --- --------- --------- Jacobian 00008
      52 --- --------- --------- Timestep 2.000E-06
      52   2 7.050E-07 4.600E-05 Time OK
      53   2 2.343E-07 4.800E-05 Time OK
      54   2 7.424E-08 5.000E-05 Time OK
      55   2 2.306E-08 5.200E-05 Time OK
      56   2 7.083E-09 5.400E-05 Time OK
      57   2 2.197E-09 5.600E-05 Time OK
      58   2 9.072E-10 5.800E-05 Time OK
      59   2 6.693E-10 6.000E-05 Time OK
      60   2 5.771E-10 6.200E-05 Time OK
      61   2 4.909E-10 6.400E-05 Time OK
      62   2 4.113E-10 6.600E-05 Time OK
      63   2 3.427E-10 6.800E-05 Time OK
      64   2 2.859E-10 7.000E-05 Time OK
      65   2 2.396E-10 7.200E-05 Time OK
      66   2 2.020E-10 7.400E-05 Time OK
      67   2 1.713E-10 7.600E-05 Time OK
      68   2 1.462E-10 7.800E-05 Time OK
      69   2 1.256E-10 8.000E-05 Time OK
      70   2 1.086E-10 8.200E-05 Time OK
      71   2 9.442E-11 8.400E-05 Time OK
      72   2 8.266E-11 8.600E-05 Time OK
      73   2 7.283E-11 8.800E-05 Time OK
      74 --- --------- --------- Regridding
      74 --- --------- --------- Jacobian 00009
      74   8 7.699E-05 7.813E-03 Steady OK
      75   2 3.820E-04 3.906E-03 Steady Fail
      76 --- --------- --------- Regridding
      76 --- --------- --------- Jacobian 00010
      76   8 1.260E-04 3.906E-03 Steady Fail
      77 --- --------- --------- Regridding
      77 --- --------- --------- Jacobian 00011
      77 --- --------- --------- Timestep 4.000E-06
      77   2 6.729E-07 9.200E-05 Time OK
      78   2 2.402E-07 9.600E-05 Time OK
      79   2 8.145E-08 1.000E-04 Time OK
      80   2 2.406E-08 1.040E-04 Time OK
      81   2 6.626E-09 1.080E-04 Time OK
      82   2 1.762E-09 1.120E-04 Time OK
      83   2 9.411E-10 1.160E-04 Time OK
      84   2 8.358E-10 1.200E-04 Time OK
      85   2 7.025E-10 1.240E-04 Time OK
      86   2 5.688E-10 1.280E-04 Time OK
      87   2 4.585E-10 1.320E-04 Time OK
      88   2 3.730E-10 1.360E-04 Time OK
      89   2 3.077E-10 1.400E-04 Time OK
      90   2 2.571E-10 1.440E-04 Time OK
      91   2 2.173E-10 1.480E-04 Time OK
      92   2 1.849E-10 1.520E-04 Time OK
      93   2 1.578E-10 1.560E-04 Time OK
      94   2 1.349E-10 1.600E-04 Time OK
      95   2 1.157E-10 1.640E-04 Time OK
      96   2 1.013E-10 1.680E-04 Time OK
      97   2 9.395E-11 1.720E-04 Time OK
      98   2 9.609E-11 1.760E-04 Time OK
      99 --- --------- --------- Regridding
      99 --- --------- --------- Jacobian 00012
      99   8 6.541E-05 7.813E-03 Steady OK
     100   2 3.562E-04 3.906E-03 Steady Fail
     101 --- --------- --------- Regridding
     101 --- --------- --------- Jacobian 00013
     101   8 1.097E-04 3.906E-03 Steady Fail
     102 --- --------- --------- Regridding
     102 --- --------- --------- Jacobian 00014
     102 --- --------- --------- Timestep 8.000E-06
     102   2 9.121E-07 1.840E-04 Time OK
     103   2 3.341E-07 1.920E-04 Time OK
     104   2 1.007E-07 2.000E-04 Time OK
     105   2 2.510E-08 2.080E-04 Time OK
     106   2 5.305E-09 2.160E-04 Time OK
     107   2 1.839E-09 2.240E-04 Time OK
     108   2 1.606E-09 2.320E-04 Time OK
     109   2 1.227E-09 2.400E-04 Time OK
     110   2 8.798E-10 2.480E-04 Time OK
     111   2 6.965E-10 2.560E-04 Time OK
     112   2 7.124E-10 2.640E-04 Time OK
     113   2 8.695E-10 2.720E-04 Time OK
     114   2 1.091E-09 2.800E-04 Time OK
     115   2 1.334E-09 2.880E-04 Time OK
     116   2 1.576E-09 2.960E-04 Time OK
     117   2 1.803E-09 3.040E-04 Time OK
     118   2 2.004E-09 3.120E-04 Time OK
     119   3 1.873E-11 3.200E-04 Time OK
     120   3 2.051E-11 3.280E-04 Time OK
     121   3 2.208E-11 3.360E-04 Time OK
     122   3 2.338E-11 3.440E-04 Time OK
     123   3 2.435E-11 3.520E-04 Time OK
     124 --- --------- --------- Regridding
     124 --- --------- --------- Jacobian 00015
     124   8 8.565E-05 3.906E-03 Steady Fail
     125 --- --------- --------- Regridding
     125 --- --------- --------- Jacobian 00016
     125 --- --------- --------- Timestep 1.600E-05
     125   1 2.591E-07 3.680E-04 Time OK
     126   1 5.668E-07 3.840E-04 Time OK
     127   2 2.756E-09 4.000E-04 Time OK
     128   2 2.199E-09 4.160E-04 Time OK
     129   2 1.634E-09 4.320E-04 Time OK
     130   2 1.171E-09 4.480E-04 Time OK
     131   2 8.456E-10 4.640E-04 Time OK
     132   2 6.238E-10 4.800E-04 Time OK
     133   2 4.725E-10 4.960E-04 Time OK
     134   1 2.195E-09 5.120E-04 Time OK
     135   1 1.691E-09 5.280E-04 Time OK
     136   1 1.658E-09 5.440E-04 Time OK
     137   1 1.744E-09 5.600E-04 Time OK
     138   1 1.786E-09 5.760E-04 Time OK
     139   1 1.766E-09 5.920E-04 Time OK
     140   1 1.696E-09 6.080E-04 Time OK
     141   1 1.593E-09 6.240E-04 Time OK
     142   1 1.476E-09 6.400E-04 Time OK
     143   1 1.360E-09 6.560E-04 Time OK
     144   1 1.258E-09 6.720E-04 Time OK
     145   1 1.177E-09 6.880E-04 Time OK
     146   1 1.119E-09 7.040E-04 Time OK
     147 --- --------- --------- Regridding
     147 --- --------- --------- Jacobian 00017
     147   8 6.706E-05 7.813E-03 Steady OK
     148   2 3.459E-04 3.906E-03 Steady Fail
     149 --- --------- --------- Regridding
     149 --- --------- --------- Jacobian 00018
     149   8 1.633E-04 3.906E-03 Steady Fail
     150 --- --------- --------- Regridding
     150 --- --------- --------- Jacobian 00019
     150 --- --------- --------- Timestep 3.200E-05
     150   2 2.138E-06 7.360E-04 Time OK
     151   2 7.679E-07 7.680E-04 Time OK
     152   3 8.482E-09 8.000E-04 Time OK
     153   3 3.072E-09 8.320E-04 Time OK
     154   3 1.210E-09 8.640E-04 Time OK
     155   3 5.364E-10 8.960E-04 Time OK
     156   3 4.086E-10 9.280E-04 Time OK
     157   3 4.420E-10 9.600E-04 Time OK
     158   3 4.512E-10 9.920E-04 Time OK
     159   3 4.264E-10 1.024E-03 Time OK
     160   1 9.100E-06 1.000E+00 Steady OK
     161   1 9.130E-06 1.000E+00 Steady OK
     162   1 9.163E-06 1.000E+00 Steady OK
     163   1 9.198E-06 1.000E+00 Steady OK
     164   1 9.236E-06 1.000E+00 Steady OK
     165   1 9.276E-06 1.000E+00 Steady OK
     166   1 9.318E-06 1.000E+00 Steady OK
     167   1 9.362E-06 1.000E+00 Steady OK
     168   1 9.409E-06 1.000E+00 Steady OK
     169   1 9.457E-06 1.000E+00 Steady OK
     170   1 9.507E-06 1.000E+00 Steady OK
     171   1 9.558E-06 1.000E+00 Steady OK
     172 --- --------- --------- Regridding
     172 --- --------- --------- Jacobian 00020
     172   8 8.215E-05 7.813E-03 Steady OK
     173   2 3.292E-04 3.906E-03 Steady Fail
     174 --- --------- --------- Regridding
     174 --- --------- --------- Jacobian 00021
     174   8 1.224E-04 3.906E-03 Steady Fail
     175 --- --------- --------- Regridding
     175 --- --------- --------- Jacobian 00022
     175 --- --------- --------- Timestep 3.200E-05
     175   2 5.263E-08 1.056E-03 Time OK
     176   2 2.352E-08 1.088E-03 Time OK
     177   2 1.420E-08 1.120E-03 Time OK
     178   3 1.686E-09 1.152E-03 Time OK
     179   3 1.211E-09 1.184E-03 Time OK
     180   2 4.368E-09 1.216E-03 Time OK
     181   3 5.722E-10 1.248E-03 Time OK
     182   3 3.820E-10 1.280E-03 Time OK
     183   7 3.380E-09 1.312E-03 Time OK
     184   3 5.224E-10 1.344E-03 Time OK
     185   3 6.001E-10 1.376E-03 Time OK
     186   3 6.230E-10 1.408E-03 Time OK
     187   3 6.019E-10 1.440E-03 Time OK
     188   3 5.523E-10 1.472E-03 Time OK
     189   3 4.875E-10 1.504E-03 Time OK
     190   3 4.176E-10 1.536E-03 Time OK
     191   3 3.489E-10 1.568E-03 Time OK
     192   3 2.854E-10 1.600E-03 Time OK
     193   3 2.289E-10 1.632E-03 Time OK
     194   3 1.801E-10 1.664E-03 Time OK
     195   2 3.512E-09 1.696E-03 Time OK
     196   2 2.646E-09 1.728E-03 Time OK
     197 --- --------- --------- Regridding
     197 --- --------- --------- Jacobian 00023
     197   8 8.034E-05 3.906E-03 Steady Fail
     198 --- --------- --------- Regridding
     198 --- --------- --------- Jacobian 00024
     198 --- --------- --------- Timestep 6.400E-05
     198   1 4.795E-07 1.792E-03 Time OK
     199   2 3.100E-09 1.856E-03 Time OK
     200   2 1.359E-09 1.920E-03 Time OK
     201   2 1.825E-09 1.984E-03 Time OK
     202   2 2.031E-10 2.048E-03 Time OK
     203   2 1.764E-09 2.112E-03 Time OK
     204   2 3.251E-09 2.176E-03 Time OK
     205   2 4.427E-09 2.240E-03 Time OK
     206   2 5.206E-09 2.304E-03 Time OK
     207   2 5.249E-09 2.368E-03 Time OK
     208   2 4.519E-09 2.432E-03 Time OK
     209   2 3.331E-09 2.496E-03 Time OK
     210   2 2.059E-09 2.560E-03 Time OK
     211   2 9.498E-10 2.624E-03 Time OK
     212   2 3.217E-10 2.688E-03 Time OK
     213   1 9.582E-06 1.000E+00 Steady OK
     214   1 9.663E-06 1.000E+00 Steady OK
     215   1 9.745E-06 1.000E+00 Steady OK
     216   1 9.829E-06 1.000E+00 Steady OK
     217   1 9.915E-06 1.000E+00 Steady OK
     218   1 1.000E-05 1.000E+00 Steady OK
     219   1 1.009E-05 1.000E+00 Steady OK
     220 --- --------- --------- Regridding
     220 --- --------- --------- Jacobian 00025
     220   8 4.629E-05 7.813E-03 Steady OK
     221   2 2.986E-04 3.906E-03 Steady Fail
     222 --- --------- --------- Regridding
     222 --- --------- --------- Jacobian 00026
     222   8 1.192E-04 3.906E-03 Steady Fail
     223 --- --------- --------- Regridding
     223 --- --------- --------- Jacobian 00027
     223 --- --------- --------- Timestep 6.400E-05
     223   2 4.241E-08 2.752E-03 Time OK
     224   2 5.814E-08 2.816E-03 Time OK
     225   3 9.736E-09 2.880E-03 Time OK
     226   8 6.080E-09 2.944E-03 Time OK
     227   8 2.912E-09 3.008E-03 Time OK
     228   7 3.031E-09 3.072E-03 Time OK
     229   3 9.153E-10 3.136E-03 Time OK
     230   3 1.269E-09 3.200E-03 Time OK
     231   3 1.185E-09 3.264E-03 Time OK
     232   3 8.563E-10 3.328E-03 Time OK
     233   3 5.203E-10 3.392E-03 Time OK
     234   2 1.815E-09 3.456E-03 Time OK
     235   2 1.557E-10 3.520E-03 Time OK
     236   2 5.474E-10 3.584E-03 Time OK
     237   2 7.359E-10 3.648E-03 Time OK
     238   1 4.789E-09 3.712E-03 Time OK
     239   1 3.210E-09 3.776E-03 Time OK
     240   1 2.883E-09 3.840E-03 Time OK
     241   1 3.297E-09 3.904E-03 Time OK
     242   1 3.869E-09 3.968E-03 Time OK
     243   1 4.419E-09 4.032E-03 Time OK
     244   2 1.543E-09 4.096E-03 Time OK
     245 --- --------- --------- Regridding
     245 --- --------- --------- Jacobian 00028
     245   8 8.538E-05 7.813E-03 Steady OK
     246   2 2.563E-04 3.906E-03 Steady Fail
     247 --- --------- --------- Regridding
     247 --- --------- --------- Jacobian 00029
     247   8 1.667E-04 3.906E-03 Steady Fail
     248 --- --------- --------- Regridding
     248 --- --------- --------- Jacobian 00030
     248 --- --------- --------- Timestep 1.280E-04
     248   2 1.884E-06 4.224E-03 Time OK
     249   2 1.113E-06 4.352E-03 Time OK
     250   3 2.119E-08 4.480E-03 Time OK
     251   3 1.373E-08 4.608E-03 Time OK
     252   3 6.160E-09 4.736E-03 Time OK
     253   3 5.947E-09 4.864E-03 Time OK
     254   3 6.014E-09 4.992E-03 Time OK
     255   3 3.680E-09 5.120E-03 Time OK
     256   3 1.642E-09 5.248E-03 Time OK
     257   3 1.742E-09 5.376E-03 Time OK
     258   3 2.341E-09 5.504E-03 Time OK
     259   3 2.677E-09 5.632E-03 Time OK
     260   3 2.850E-09 5.760E-03 Time OK
     261   3 2.942E-09 5.888E-03 Time OK
     262   3 2.989E-09 6.016E-03 Time OK
     263   1 9.930E-06 1.000E+00 Steady OK
     264   1 9.987E-06 1.000E+00 Steady OK
     265   1 1.008E-05 1.000E+00 Steady OK
     266   1 1.018E-05 1.000E+00 Steady OK
     267   1 1.030E-05 1.000E+00 Steady OK
     268   1 1.042E-05 1.000E+00 Steady OK
     269   1 1.055E-05 1.000E+00 Steady OK
     270 --- --------- --------- Regridding
     270 --- --------- --------- Jacobian 00031
     270   8 9.104E-05 7.813E-03 Steady OK
     271   2 2.343E-04 3.906E-03 Steady Fail
     272 --- --------- --------- Regridding
     272 --- --------- --------- Jacobian 00032
     272   8 1.749E-04 7.813E-03 Steady OK
     273   2 2.572E-04 3.906E-03 Steady Fail
     274 --- --------- --------- Regridding
     274 --- --------- --------- Jacobian 00033
     274   8 2.399E-04 7.813E-03 Steady OK
     275   2 2.975E-04 3.906E-03 Steady Fail
     276 --- --------- --------- Regridding
     276 --- --------- --------- Jacobian 00034
     276   8 2.465E-04 7.813E-03 Steady OK
     277   2 2.988E-04 3.906E-03 Steady Fail
     278 --- --------- --------- Regridding
     278 --- --------- --------- Jacobian 00035
     278   8 2.535E-04 3.906E-03 Steady Fail
     279 --- --------- --------- Regridding
     279 --- --------- --------- Jacobian 00036
     279 --- --------- --------- Timestep 1.280E-04
     279   2 1.577E-06 6.144E-03 Time OK
     280   3 4.161E-07 6.272E-03 Time OK
     281   9 8.039E-08 6.400E-03 Time OK
     282  10 8.518E-09 6.528E-03 Time OK
     283  18 6.074E-09 6.656E-03 Time OK
     284  18 7.887E-09 6.784E-03 Time OK
     285  11 5.948E-09 6.912E-03 Time OK
     286   4 3.708E-10 7.040E-03 Time OK
     287   2 3.370E-09 7.168E-03 Time OK
     288   2 6.374E-09 7.296E-03 Time OK
     289   3 6.434E-09 7.424E-03 Time OK
     290   3 6.297E-09 7.552E-03 Time OK
     291   3 5.747E-09 7.680E-03 Time OK
     292   3 5.240E-09 7.808E-03 Time OK
     293   3 5.094E-09 7.936E-03 Time OK
     294   3 5.492E-09 8.064E-03 Time OK
     295   3 6.427E-09 8.192E-03 Time OK
     296   3 7.798E-09 8.320E-03 Time OK
     297   3 9.541E-09 8.448E-03 Time OK
     298   3 1.165E-08 8.576E-03 Time OK
     299   3 1.416E-08 8.704E-03 Time OK
     300   3 1.713E-08 8.832E-03 Time OK
     301 --- --------- --------- Regridding
     301 --- --------- --------- Jacobian 00037
     301   8 9.091E-05 7.813E-03 Steady OK
     302   2 1.360E-04 3.906E-03 Steady Fail
     303 --- --------- --------- Regridding
     303 --- --------- --------- Jacobian 00038
     303   8 1.136E-04 7.813E-03 Steady OK
     304   2 1.579E-04 3.906E-03 Steady Fail
     305 --- --------- --------- Regridding
     305 --- --------- --------- Jacobian 00039
     305   8 1.233E-04 7.813E-03 Steady OK
     306   2 1.576E-04 3.906E-03 Steady Fail
     307 --- --------- --------- Regridding
     307 --- --------- --------- Jacobian 00040
     307   8 1.325E-04 7.813E-03 Steady OK
     308   2 1.569E-04 3.906E-03 Steady Fail
     309 --- --------- --------- Regridding
     309 --- --------- --------- Jacobian 00041
     309   8 1.981E-04 7.813E-03 Steady OK
     310   2 2.099E-04 3.906E-03 Steady Fail
     311 --- --------- --------- Regridding
     311 --- --------- --------- Jacobian 00042
     311   7 2.535E-04 1.563E-02 Steady OK
     312   3 3.109E-04 3.906E-03 Steady Fail
     313 --- --------- --------- Regridding
     313 --- --------- --------- Jacobian 00043
     313   8 2.696E-04 3.906E-03 Steady Fail
     314 --- --------- --------- Regridding
     314 --- --------- --------- Jacobian 00044
     314 --- --------- --------- Timestep 2.560E-04
     314   3 3.601E-06 9.088E-03 Time OK
     315   3 9.246E-07 9.344E-03 Time OK
     316  10 2.646E-08 9.600E-03 Time OK
     317   4 1.082E-07 9.856E-03 Time OK
     318   3 1.552E-07 1.011E-02 Time OK
     319   3 1.490E-07 1.037E-02 Time OK
     320   4 5.337E-08 1.062E-02 Time OK
     321   4 9.340E-08 1.088E-02 Time OK
     322   4 1.341E-07 1.114E-02 Time OK
     323   4 1.757E-07 1.139E-02 Time OK
     324   4 2.267E-07 1.165E-02 Time OK
     325   4 3.132E-07 1.190E-02 Time OK
     326   4 4.926E-07 1.216E-02 Time OK
     327   4 8.390E-07 1.242E-02 Time OK
     328   5 3.060E-07 1.267E-02 Time OK
     329   8 1.140E-05 3.906E-03 Steady Fail
     330 --- --------- --------- Regridding
     330 --- --------- --------- Jacobian 00045
     330   7 4.302E-05 1.563E-02 Steady OK
     331   3 5.859E-05 3.906E-03 Steady Fail
     332 --- --------- --------- Regridding
     332 --- --------- --------- Jacobian 00046
     332   7 1.117E-04 1.563E-02 Steady OK
     333   3 1.130E-04 3.906E-03 Steady Fail
     334 --- --------- --------- Regridding
     334 --- --------- --------- Jacobian 00047
     334   7 1.417E-04 1.563E-02 Steady OK
     335   3 1.422E-04 3.906E-03 Steady Fail
     336 --- --------- --------- Regridding
     336 --- --------- --------- Jacobian 00048
     336   7 1.736E-04 1.563E-02 Steady OK
     337   3 1.735E-04 3.906E-03 Steady Fail
     338 --- --------- --------- Regridding
     338 --- --------- --------- Jacobian 00049
     338   8 4.466E-04 3.906E-03 Steady Fail
     339 --- --------- --------- Regridding
     339 --- --------- --------- Jacobian 00050
     339 --- --------- --------- Timestep 2.560E-04
     339   3 3.781E-07 1.293E-02 Time OK
     340   2 4.088E-06 1.318E-02 Time OK
     341   4 3.606E-07 1.344E-02 Time OK
     342   3 1.090E-06 1.370E-02 Time OK
     343   3 8.055E-07 1.395E-02 Time OK
     344   3 5.356E-07 1.421E-02 Time OK
     345   3 4.528E-07 1.446E-02 Time OK
     346   3 7.814E-07 1.472E-02 Time OK
     347   3 1.883E-06 1.498E-02 Time OK
     348   4 8.692E-07 1.523E-02 Time OK
     349   4 1.689E-06 1.549E-02 Time OK
     350   4 2.916E-06 1.574E-02 Time OK
     351   5 1.656E-06 1.600E-02 Time OK
     352   5 2.598E-06 1.626E-02 Time OK
     353   5 3.722E-06 1.651E-02 Time OK
     354   6 2.196E-06 1.677E-02 Time OK
     355   6 2.831E-06 1.702E-02 Time OK
     356   6 3.488E-06 1.728E-02 Time OK
     357   6 4.077E-06 1.754E-02 Time OK
     358   6 4.569E-06 1.779E-02 Time OK
     359   6 4.962E-06 1.805E-02 Time OK
     360   6 5.268E-06 1.830E-02 Time OK
     361 --- --------- --------- Regridding
     361 --- --------- --------- Jacobian 00051
     361   7 4.661E-05 1.563E-02 Steady OK
     362   3 5.404E-05 3.906E-03 Steady Fail
     363 --- --------- --------- Regridding
     363 --- --------- --------- Jacobian 00052
     363   8 1.289E-04 3.906E-03 Steady Fail
     364 --- --------- --------- Regridding
     364 --- --------- --------- Jacobian 00053
     364 --- --------- --------- Timestep 2.560E-04
     364   2 5.987E-07 1.856E-02 Time OK
     365   2 2.170E-06 1.882E-02 Time OK
     366   3 1.149E-07 1.907E-02 Time OK
     367   3 1.586E-07 1.933E-02 Time OK
     368   3 3.168E-07 1.958E-02 Time OK
     369   3 6.268E-07 1.984E-02 Time OK
     370   3 1.135E-06 2.010E-02 Time OK
     371   3 1.912E-06 2.035E-02 Time OK
     372   4 4.820E-07 2.061E-02 Time OK
     373   4 7.229E-07 2.086E-02 Time OK
     374   4 9.601E-07 2.112E-02 Time OK
     375   4 1.201E-06 2.138E-02 Time OK
     376   4 1.391E-06 2.163E-02 Time OK
     377   4 1.480E-06 2.189E-02 Time OK
     378   9 1.010E-06 2.214E-02 Time OK
     379   9 1.069E-06 2.240E-02 Time OK
     380   9 1.222E-06 2.266E-02 Time OK
     381  10 4.931E-07 2.291E-02 Time OK
     382  10 5.070E-07 2.317E-02 Time OK
     383  10 5.562E-07 2.342E-02 Time OK
     384  17 4.373E-07 2.368E-02 Time OK
     385  50 4.958E-07 2.394E-02 Time OK
     386 --- --------- --------- Regridding
     386 --- --------- --------- Jacobian 00054
     386   3 7.567E-05 2.500E-01 Steady OK
     387   5 8.078E-05 3.125E-02 Steady OK
     388   2 8.669E-05 3.125E-02 Steady OK
     389   2 9.323E-05 3.125E-02 Steady OK
     390   3 9.662E-05 1.563E-02 Steady OK
     391   3 9.834E-05 7.813E-03 Steady OK
     392   2 1.001E-04 3.906E-03 Steady Fail
     393 --- --------- --------- Regridding
     393 --- --------- --------- Jacobian 00055
     393   2 1.223E-04 5.000E-01 Steady OK
     394   8 1.223E-04 3.906E-03 Steady Fail
     395 --- --------- --------- Regridding
     395 --- --------- --------- Jacobian 00056
     395   1 3.304E-05 1.000E+00 Steady OK
     396   1 1.679E-05 1.000E+00 Steady OK
     397   1 8.799E-07 1.000E+00 Steady OK
     398   1 5.644E-08 1.000E+00 Steady OK
     399   1 1.153E-08 1.000E+00 Steady OK
     400   1 4.662E-10 1.000E+00 Steady OK
     401   1 8.046E-11 1.000E+00 Steady OK
 
------------------------------------------------------------------------
 
Simulation stopped:
  => Converged!
 
------------------------------------------------------------------------
 
Postprocessing output:
  => Position reaction layer      :  3.6540187E-02 cm
  => Temperature reaction layer   :  1.6874332E+03 K
  => Mass burning rate            :  4.3367742E-02 gr/(cm2s)
  => Burning velocity (unburnt)   :  3.8634253E+01 cm/s
  => Maximum temperature          :  2.2192619E+03 K
  => Minimum temperature          :  2.9999516E+02 K
  => Flame thickness (max grad T) :  4.1202824E-02 cm
  => Stoichiometric mixture frac. :  5.5167227E-02 -
  => Position stoich mixture      : -5.0000000E-01 cm
  => Temperature at stoich mixture:  3.0000000E+02 K
  => Scalar dissipation at stoich :  0.0000000E+00 1/s
 
========================================================================
 
==> LogClose : Closing logfile
